Archive member included because of file (symbol)

e:/davev4/dave-4.1.4/eclipse/arm-gcc-49/bin/../lib/gcc/arm-none-eabi/4.9.3/../../../../arm-none-eabi/lib/armv7e-m/softfp\libg_nano.a(lib_a-errno.o)
                              ./Libraries/Newlib/syscalls.o (__errno)
e:/davev4/dave-4.1.4/eclipse/arm-gcc-49/bin/../lib/gcc/arm-none-eabi/4.9.3/../../../../arm-none-eabi/lib/armv7e-m/softfp\libg_nano.a(lib_a-impure.o)
                              e:/davev4/dave-4.1.4/eclipse/arm-gcc-49/bin/../lib/gcc/arm-none-eabi/4.9.3/../../../../arm-none-eabi/lib/armv7e-m/softfp\libg_nano.a(lib_a-errno.o) (_impure_ptr)
e:/davev4/dave-4.1.4/eclipse/arm-gcc-49/bin/../lib/gcc/arm-none-eabi/4.9.3/../../../../arm-none-eabi/lib/armv7e-m/softfp\libg_nano.a(lib_a-init.o)
                              ./Startup/startup_XMC4700.o (__libc_init_array)
e:/davev4/dave-4.1.4/eclipse/arm-gcc-49/bin/../lib/gcc/arm-none-eabi/4.9.3/../../../../arm-none-eabi/lib/armv7e-m/softfp\libg_nano.a(lib_a-memcpy.o)
                              ./Libraries/XMCLib/src/xmc_eth_mac.o (memcpy)
e:/davev4/dave-4.1.4/eclipse/arm-gcc-49/bin/../lib/gcc/arm-none-eabi/4.9.3/../../../../arm-none-eabi/lib/armv7e-m/softfp\libg_nano.a(lib_a-memset.o)
                              ./Libraries/XMCLib/src/xmc_usbd.o (memset)

Allocating common symbols
Common symbol       size              file

dma0_event_handlers
                    0x20              ./Libraries/XMCLib/src/xmc_dma.o
dma1_event_handlers
                    0x10              ./Libraries/XMCLib/src/xmc_dma.o
event_handler_list  0x80              ./Libraries/XMCLib/src/xmc4_scu.o
usbd_init           0x4               ./Libraries/XMCLib/src/xmc_usbd.o
xmc_device          0x208             ./Libraries/XMCLib/src/xmc_usbd.o

Discarded input sections

 .text          0x00000000        0x0 ./Startup/startup_XMC4700.o
 .data          0x00000000        0x0 ./Startup/startup_XMC4700.o
 .bss           0x00000000        0x0 ./Startup/startup_XMC4700.o
 .text          0x00000000        0x0 ./Startup/system_XMC4700.o
 .data          0x00000000        0x0 ./Startup/system_XMC4700.o
 .bss           0x00000000        0x0 ./Startup/system_XMC4700.o
 .text.delay    0x00000000       0x28 ./Startup/system_XMC4700.o
 .text.SystemCoreSetup
                0x00000000       0x70 ./Startup/system_XMC4700.o
 .text.SystemCoreClockSetup
                0x00000000      0x1fc ./Startup/system_XMC4700.o
 .text.OSCHP_GetFrequency
                0x00000000       0x14 ./Startup/system_XMC4700.o
 .comment       0x00000000       0x71 ./Startup/system_XMC4700.o
 .text          0x00000000        0x0 ./Libraries/XMCLib/src/xmc4_eru.o
 .data          0x00000000        0x0 ./Libraries/XMCLib/src/xmc4_eru.o
 .bss           0x00000000        0x0 ./Libraries/XMCLib/src/xmc4_eru.o
 .text.XMC_ERU_Enable
                0x00000000       0x2c ./Libraries/XMCLib/src/xmc4_eru.o
 .text.XMC_ERU_Disable
                0x00000000       0x2c ./Libraries/XMCLib/src/xmc4_eru.o
 .debug_info    0x00000000      0x59b ./Libraries/XMCLib/src/xmc4_eru.o
 .debug_abbrev  0x00000000      0x13b ./Libraries/XMCLib/src/xmc4_eru.o
 .debug_loc     0x00000000       0xa0 ./Libraries/XMCLib/src/xmc4_eru.o
 .debug_aranges
                0x00000000       0x28 ./Libraries/XMCLib/src/xmc4_eru.o
 .debug_ranges  0x00000000       0x18 ./Libraries/XMCLib/src/xmc4_eru.o
 .debug_line    0x00000000      0x226 ./Libraries/XMCLib/src/xmc4_eru.o
 .debug_str     0x00000000      0x922 ./Libraries/XMCLib/src/xmc4_eru.o
 .comment       0x00000000       0x71 ./Libraries/XMCLib/src/xmc4_eru.o
 .debug_frame   0x00000000       0x60 ./Libraries/XMCLib/src/xmc4_eru.o
 .ARM.attributes
                0x00000000       0x37 ./Libraries/XMCLib/src/xmc4_eru.o
 .text          0x00000000        0x0 ./Libraries/XMCLib/src/xmc4_flash.o
 .data          0x00000000        0x0 ./Libraries/XMCLib/src/xmc4_flash.o
 .bss           0x00000000        0x0 ./Libraries/XMCLib/src/xmc4_flash.o
 .text.XMC_FLASH_lEnterPageModeCommand
                0x00000000       0x20 ./Libraries/XMCLib/src/xmc4_flash.o
 .text.XMC_FLASH_lLoadPageCommand
                0x00000000       0x30 ./Libraries/XMCLib/src/xmc4_flash.o
 .text.XMC_FLASH_lWritePageCommand
                0x00000000       0x44 ./Libraries/XMCLib/src/xmc4_flash.o
 .text.XMC_FLASH_lWriteUCBPageCommand
                0x00000000       0x44 ./Libraries/XMCLib/src/xmc4_flash.o
 .text.XMC_FLASH_lEraseSectorCommand
                0x00000000       0x58 ./Libraries/XMCLib/src/xmc4_flash.o
 .text.XMC_FLASH_lDisableSectorWriteProtectionCommand
                0x00000000       0x64 ./Libraries/XMCLib/src/xmc4_flash.o
 .text.XMC_FLASH_lDisableReadProtectionCommand
                0x00000000       0x60 ./Libraries/XMCLib/src/xmc4_flash.o
 .text.XMC_FLASH_lClearStatusCommand
                0x00000000       0x20 ./Libraries/XMCLib/src/xmc4_flash.o
 .text.XMC_FLASH_ClearStatus
[...]
Memory Configuration

Name             Origin             Length             Attributes
FLASH_1_cached   0x08000000         0x00200000         xr
FLASH_1_uncached 0x0c000000         0x00200000         xr
PSRAM_1          0x1ffe8000         0x00018000         !xr
DSRAM_1_system   0x20000000         0x00020000         !xr
DSRAM_2_comm     0x20020000         0x00020000         !xr
SRAM_combined    0x1ffe8000         0x00058000         !xr
*default*        0x00000000         0xffffffff

Linker script and memory map

LOAD ./Startup/startup_XMC4700.o
LOAD ./Startup/system_XMC4700.o
LOAD ./Libraries/XMCLib/src/xmc4_eru.o
LOAD ./Libraries/XMCLib/src/xmc4_flash.o
LOAD ./Libraries/XMCLib/src/xmc4_gpio.o
LOAD ./Libraries/XMCLib/src/xmc4_rtc.o
LOAD ./Libraries/XMCLib/src/xmc4_scu.o
LOAD ./Libraries/XMCLib/src/xmc_can.o
LOAD ./Libraries/XMCLib/src/xmc_ccu4.o
LOAD ./Libraries/XMCLib/src/xmc_ccu8.o
LOAD ./Libraries/XMCLib/src/xmc_common.o
LOAD ./Libraries/XMCLib/src/xmc_dac.o
LOAD ./Libraries/XMCLib/src/xmc_dma.o
LOAD ./Libraries/XMCLib/src/xmc_dsd.o
LOAD ./Libraries/XMCLib/src/xmc_ebu.o
LOAD ./Libraries/XMCLib/src/xmc_ecat.o
LOAD ./Libraries/XMCLib/src/xmc_eru.o
LOAD ./Libraries/XMCLib/src/xmc_eth_mac.o
LOAD ./Libraries/XMCLib/src/xmc_fce.o
LOAD ./Libraries/XMCLib/src/xmc_gpio.o
LOAD ./Libraries/XMCLib/src/xmc_hrpwm.o
LOAD ./Libraries/XMCLib/src/xmc_i2c.o
LOAD ./Libraries/XMCLib/src/xmc_i2s.o
LOAD ./Libraries/XMCLib/src/xmc_ledts.o
LOAD ./Libraries/XMCLib/src/xmc_posif.o
LOAD ./Libraries/XMCLib/src/xmc_rtc.o
LOAD ./Libraries/XMCLib/src/xmc_sdmmc.o
LOAD ./Libraries/XMCLib/src/xmc_spi.o
LOAD ./Libraries/XMCLib/src/xmc_uart.o
LOAD ./Libraries/XMCLib/src/xmc_usbd.o
LOAD ./Libraries/XMCLib/src/xmc_usic.o
LOAD ./Libraries/XMCLib/src/xmc_vadc.o
LOAD ./Libraries/XMCLib/src/xmc_wdt.o
LOAD ./Libraries/Newlib/syscalls.o
LOAD ./Dave/Generated/INTERRUPT/interrupt.o
LOAD ./Dave/Generated/INTERRUPT/interrupt_conf.o
LOAD ./Dave/Generated/GLOBAL_CAN/global_can.o
LOAD ./Dave/Generated/GLOBAL_CAN/global_can_conf.o
LOAD ./Dave/Generated/DIGITAL_IO/digital_io.o
LOAD ./Dave/Generated/DIGITAL_IO/digital_io_conf.o
LOAD ./Dave/Generated/CPU_CTRL_XMC4/cpu_ctrl_xmc4.o
LOAD ./Dave/Generated/CPU_CTRL_XMC4/cpu_ctrl_xmc4_conf.o
LOAD ./Dave/Generated/CLOCK_XMC4/clock_xmc4.o
LOAD ./Dave/Generated/CLOCK_XMC4/clock_xmc4_conf.o
LOAD ./Dave/Generated/CAN_NODE/can_node.o
LOAD ./Dave/Generated/CAN_NODE/can_node_conf.o
LOAD ./Dave/Generated/DAVE.o
LOAD ./main.o
LOAD e:/davev4/dave-4.1.4/eclipse/arm-gcc-49/bin/../lib/gcc/arm-none-eabi/4.9.3/../../../../arm-none-eabi/lib/armv7e-m/softfp\libm.a
START GROUP
LOAD e:/davev4/dave-4.1.4/eclipse/arm-gcc-49/bin/../lib/gcc/arm-none-eabi/4.9.3/armv7e-m/softfp\libgcc.a
LOAD e:/davev4/dave-4.1.4/eclipse/arm-gcc-49/bin/../lib/gcc/arm-none-eabi/4.9.3/../../../../arm-none-eabi/lib/armv7e-m/softfp\libg_nano.a
LOAD e:/davev4/dave-4.1.4/eclipse/arm-gcc-49/bin/../lib/gcc/arm-none-eabi/4.9.3/../../../../arm-none-eabi/lib/armv7e-m/softfp\libc_nano.a
END GROUP
START GROUP
LOAD e:/davev4/dave-4.1.4/eclipse/arm-gcc-49/bin/../lib/gcc/arm-none-eabi/4.9.3/armv7e-m/softfp\libgcc.a
LOAD e:/davev4/dave-4.1.4/eclipse/arm-gcc-49/bin/../lib/gcc/arm-none-eabi/4.9.3/../../../../arm-none-eabi/lib/armv7e-m/softfp\libc_nano.a
END GROUP
                0x00000800                stack_size = DEFINED (stack_size)?stack_size:0x800

.text           0x08000000     0x2300 load address 0x0c000000
                0x08000000                sText = .
 *(.reset)
 .reset         0x08000000      0x29c ./Startup/startup_XMC4700.o
                0x08000000                __Vectors
                0x08000200                Reset_Handler
                0x08000298                DSD0_7_IRQHandler
                0x08000298                DebugMon_Handler
                0x08000298                VADC0_C0_0_IRQHandler
                0x08000298                CAN0_4_IRQHandler
                0x08000298                VADC0_G2_0_IRQHandler
                0x08000298                USIC0_5_IRQHandler
                0x08000298                POSIF0_0_IRQHandler
                0x08000298                POSIF1_0_IRQHandler
                0x08000298                HardFault_Handler
                0x08000298                VADC0_G1_1_IRQHandler
                0x08000298                SysTick_Handler
                0x08000298                PendSV_Handler
                0x08000298                NMI_Handler
                0x08000298                USIC1_3_IRQHandler
                0x08000298                CCU40_2_IRQHandler
                0x08000298                SCU_0_IRQHandler
                0x08000298                ERU0_0_IRQHandler
                0x08000298                CCU41_0_IRQHandler
                0x08000298                USIC1_5_IRQHandler
                0x08000298                DSD0_4_IRQHandler
                0x08000298                CCU80_1_IRQHandler
                0x08000298                CCU81_0_IRQHandler
                0x08000298                UsageFault_Handler
                0x08000298                USIC0_0_IRQHandler
                0x08000298                POSIF1_1_IRQHandler
                0x08000298                ERU0_2_IRQHandler
                0x08000298                CCU81_1_IRQHandler
                0x08000298                ERU1_1_IRQHandler
                0x08000298                VADC0_G2_3_IRQHandler
                0x08000298                VADC0_G2_2_IRQHandler
                0x08000298                CCU42_3_IRQHandler
                0x08000298                ERU0_3_IRQHandler
                0x08000298                DSD0_5_IRQHandler
                0x08000298                VADC0_C0_3_IRQHandler
                0x08000298                CAN0_6_IRQHandler
                0x08000298                CCU43_0_IRQHandler
                0x08000298                VADC0_G0_1_IRQHandler
                0x08000298                CCU81_2_IRQHandler
                0x08000298                USIC2_4_IRQHandler
                0x08000298                CCU81_3_IRQHandler
                0x08000298                CCU42_1_IRQHandler
                0x08000298                USIC1_1_IRQHandler
                0x08000298                USIC2_5_IRQHandler
                0x08000298                CCU40_0_IRQHandler
                0x08000298                CAN0_0_IRQHandler
                0x08000298                ERU1_0_IRQHandler
                0x08000298                CCU42_2_IRQHandler
                0x08000298                Default_Handler
                0x08000298                USIC1_4_IRQHandler
                0x08000298                ERU1_3_IRQHandler
                0x08000298                USIC1_0_IRQHandler
                0x08000298                POSIF0_1_IRQHandler
                0x08000298                VADC0_G0_0_IRQHandler
                0x08000298                DSD0_2_IRQHandler
                0x08000298                CCU80_3_IRQHandler
                0x08000298                CCU41_3_IRQHandler
                0x08000298                CCU80_2_IRQHandler
                0x08000298                VADC0_G1_3_IRQHandler
                0x08000298                VADC0_G0_3_IRQHandler
                0x08000298                GPDMA0_0_IRQHandler
                0x08000298                PMU0_0_IRQHandler
                0x08000298                CAN0_7_IRQHandler
                0x08000298                DSD0_1_IRQHandler
                0x08000298                CCU41_2_IRQHandler
                0x08000298                VADC0_C0_1_IRQHandler
                0x08000298                CCU43_2_IRQHandler
                0x08000298                USIC2_2_IRQHandler
                0x08000298                MemManage_Handler
                0x08000298                VADC0_G3_1_IRQHandler
                0x08000298                DAC0_0_IRQHandler
                0x08000298                SVC_Handler
                0x08000298                VADC0_G3_3_IRQHandler
                0x08000298                ERU1_2_IRQHandler
                0x08000298                CCU41_1_IRQHandler
                0x08000298                DSD0_6_IRQHandler
                0x08000298                CCU43_1_IRQHandler
                0x08000298                VADC0_G1_2_IRQHandler
                0x08000298                USIC2_3_IRQHandler
                0x08000298                CAN0_2_IRQHandler
                0x08000298                USIC2_0_IRQHandler
                0x08000298                VADC0_G0_2_IRQHandler
                0x08000298                VADC0_G2_1_IRQHandler
                0x08000298                CAN0_3_IRQHandler
                0x08000298                ETH0_0_IRQHandler
                0x08000298                USIC0_3_IRQHandler
                0x08000298                DSD0_0_IRQHandler
                0x08000298                VADC0_C0_2_IRQHandler
                0x08000298                CCU42_0_IRQHandler
                0x08000298                FCE0_0_IRQHandler
                0x08000298                VADC0_G1_0_IRQHandler
                0x08000298                USB0_0_IRQHandler
                0x08000298                CAN0_5_IRQHandler
                0x08000298                CCU80_0_IRQHandler
                0x08000298                CCU40_1_IRQHandler
                0x08000298                USIC2_1_IRQHandler
                0x08000298                USIC0_1_IRQHandler
                0x08000298                VADC0_G3_2_IRQHandler
                0x08000298                CCU40_3_IRQHandler
                0x08000298                BusFault_Handler
                0x08000298                LEDTS0_0_IRQHandler
                0x08000298                USIC0_4_IRQHandler
                0x08000298                CCU43_3_IRQHandler
                0x08000298                ERU0_1_IRQHandler
                0x08000298                VADC0_G3_0_IRQHandler
                0x08000298                USIC1_2_IRQHandler
                0x08000298                DSD0_3_IRQHandler
                0x08000298                SDMMC0_0_IRQHandler
                0x08000298                USIC0_2_IRQHandler
                0x08000298                DAC0_1_IRQHandler
                0x08000298                GPDMA1_0_IRQHandler
 *(.text .text.* .gnu.linkonce.t.*)
 .text.SystemInit
                0x0800029c       0x20 ./Startup/system_XMC4700.o
                0x0800029c                SystemInit
 .text.SystemCoreClockUpdate
                0x080002bc       0xd4 ./Startup/system_XMC4700.o
                0x080002bc                SystemCoreClockUpdate
 .text.XMC_GPIO_Init
                0x08000390      0x140 ./Libraries/XMCLib/src/xmc4_gpio.o
                0x08000390                XMC_GPIO_Init
 .text.XMC_SCU_CLOCK_GetCpuClockFrequency
                0x080004d0       0x18 ./Libraries/XMCLib/src/xmc4_scu.o
 .text.XMC_SCU_lDelay
                0x080004e8       0x44 ./Libraries/XMCLib/src/xmc4_scu.o
 .text.XMC_SCU_CLOCK_Init
                0x0800052c       0xbc ./Libraries/XMCLib/src/xmc4_scu.o
                0x0800052c                XMC_SCU_CLOCK_Init
 .text.XMC_SCU_RESET_DeassertPeripheralReset
                0x080005e8       0x4c ./Libraries/XMCLib/src/xmc4_scu.o
                0x080005e8                XMC_SCU_RESET_DeassertPeripheralReset
 .text.XMC_SCU_CLOCK_GetPeripheralClockFrequency
                0x08000634       0x20 ./Libraries/XMCLib/src/xmc4_scu.o
                0x08000634                XMC_SCU_CLOCK_GetPeripheralClockFrequency
 .text.XMC_SCU_CLOCK_SetSystemClockSource
                0x08000654       0x28 ./Libraries/XMCLib/src/xmc4_scu.o
                0x08000654                XMC_SCU_CLOCK_SetSystemClockSource
 .text.XMC_SCU_CLOCK_SetUsbClockSource
                0x0800067c       0x28 ./Libraries/XMCLib/src/xmc4_scu.o
                0x0800067c                XMC_SCU_CLOCK_SetUsbClockSource
 .text.XMC_SCU_CLOCK_SetWdtClockSource
                0x080006a4       0x28 ./Libraries/XMCLib/src/xmc4_scu.o
                0x080006a4                XMC_SCU_CLOCK_SetWdtClockSource
 .text.XMC_SCU_CLOCK_SetSystemPllClockSource
                0x080006cc       0x40 ./Libraries/XMCLib/src/xmc4_scu.o
                0x080006cc                XMC_SCU_CLOCK_SetSystemPllClockSource
 .text.XMC_SCU_HIB_SetRtcClockSource
                0x0800070c       0x3c ./Libraries/XMCLib/src/xmc4_scu.o
                0x0800070c                XMC_SCU_HIB_SetRtcClockSource
 .text.XMC_SCU_HIB_SetStandbyClockSource
                0x08000748       0x3c ./Libraries/XMCLib/src/xmc4_scu.o
                0x08000748                XMC_SCU_HIB_SetStandbyClockSource
 .text.XMC_SCU_CLOCK_SetSystemClockDivider
                0x08000784       0x28 ./Libraries/XMCLib/src/xmc4_scu.o
                0x08000784                XMC_SCU_CLOCK_SetSystemClockDivider
 .text.XMC_SCU_CLOCK_SetCcuClockDivider
                0x080007ac       0x28 ./Libraries/XMCLib/src/xmc4_scu.o
                0x080007ac                XMC_SCU_CLOCK_SetCcuClockDivider
 .text.XMC_SCU_CLOCK_SetCpuClockDivider
                0x080007d4       0x28 ./Libraries/XMCLib/src/xmc4_scu.o
                0x080007d4                XMC_SCU_CLOCK_SetCpuClockDivider
 .text.XMC_SCU_CLOCK_SetPeripheralClockDivider
                0x080007fc       0x28 ./Libraries/XMCLib/src/xmc4_scu.o
                0x080007fc                XMC_SCU_CLOCK_SetPeripheralClockDivider
 .text.XMC_SCU_CLOCK_SetUsbClockDivider
                0x08000824       0x28 ./Libraries/XMCLib/src/xmc4_scu.o
                0x08000824                XMC_SCU_CLOCK_SetUsbClockDivider
 .text.XMC_SCU_CLOCK_SetEbuClockDivider
                0x0800084c       0x28 ./Libraries/XMCLib/src/xmc4_scu.o
                0x0800084c                XMC_SCU_CLOCK_SetEbuClockDivider
 .text.XMC_SCU_CLOCK_SetWdtClockDivider
                0x08000874       0x28 ./Libraries/XMCLib/src/xmc4_scu.o
                0x08000874                XMC_SCU_CLOCK_SetWdtClockDivider
 .text.XMC_SCU_CLOCK_UngatePeripheralClock
                0x0800089c       0x4c ./Libraries/XMCLib/src/xmc4_scu.o
                0x0800089c                XMC_SCU_CLOCK_UngatePeripheralClock
 .text.XMC_SCU_CLOCK_StartUsbPll
                0x080008e8       0x74 ./Libraries/XMCLib/src/xmc4_scu.o
                0x080008e8                XMC_SCU_CLOCK_StartUsbPll
 .text.XMC_SCU_CLOCK_SetBackupClockCalibrationMode
                0x0800095c       0x4c ./Libraries/XMCLib/src/xmc4_scu.o
                0x0800095c                XMC_SCU_CLOCK_SetBackupClockCalibrationMode
 .text.XMC_SCU_HIB_EnableHibernateDomain
                0x080009a8       0x54 ./Libraries/XMCLib/src/xmc4_scu.o
                0x080009a8                XMC_SCU_HIB_EnableHibernateDomain
 .text.XMC_SCU_CLOCK_EnableLowPowerOscillator
                0x080009fc       0x74 ./Libraries/XMCLib/src/xmc4_scu.o
                0x080009fc                XMC_SCU_CLOCK_EnableLowPowerOscillator
 .text.XMC_SCU_CLOCK_EnableHighPerformanceOscillator
                0x08000a70       0x60 ./Libraries/XMCLib/src/xmc4_scu.o
                0x08000a70                XMC_SCU_CLOCK_EnableHighPerformanceOscillator
 .text.XMC_SCU_CLOCK_EnableSystemPll
                0x08000ad0       0x20 ./Libraries/XMCLib/src/xmc4_scu.o
                0x08000ad0                XMC_SCU_CLOCK_EnableSystemPll
 .text.XMC_SCU_CLOCK_DisableSystemPll
                0x08000af0       0x20 ./Libraries/XMCLib/src/xmc4_scu.o
                0x08000af0                XMC_SCU_CLOCK_DisableSystemPll
 .text.XMC_SCU_CLOCK_StartSystemPll
                0x08000b10      0x1a0 ./Libraries/XMCLib/src/xmc4_scu.o
                0x08000b10                XMC_SCU_CLOCK_StartSystemPll
 .text.XMC_SCU_CLOCK_StepSystemPllFrequency
                0x08000cb0       0x2c ./Libraries/XMCLib/src/xmc4_scu.o
                0x08000cb0                XMC_SCU_CLOCK_StepSystemPllFrequency
 .text.XMC_CAN_PanelControl
                0x08000cdc       0x3c ./Libraries/XMCLib/src/xmc_can.o
 .text.XMC_CAN_NODE_EnableConfigurationChange
                0x08000d18       0x20 ./Libraries/XMCLib/src/xmc_can.o
 .text.XMC_CAN_NODE_DisableConfigurationChange
                0x08000d38       0x20 ./Libraries/XMCLib/src/xmc_can.o
 .text.max      0x08000d58       0x20 ./Libraries/XMCLib/src/xmc_can.o
 .text.min      0x08000d78       0x20 ./Libraries/XMCLib/src/xmc_can.o
 .text.XMC_CAN_NODE_NominalBitTimeConfigure
                0x08000d98      0x1c4 ./Libraries/XMCLib/src/xmc_can.o
                0x08000d98                XMC_CAN_NODE_NominalBitTimeConfigure
 .text.XMC_CAN_AllocateMOtoNodeList
                0x08000f5c       0x38 ./Libraries/XMCLib/src/xmc_can.o
                0x08000f5c                XMC_CAN_AllocateMOtoNodeList
 .text.XMC_CAN_Enable
                0x08000f94       0x38 ./Libraries/XMCLib/src/xmc_can.o
                0x08000f94                XMC_CAN_Enable
 .text.XMC_CAN_GetBaudrateClockFrequency
                0x08000fcc       0x3c ./Libraries/XMCLib/src/xmc_can.o
                0x08000fcc                XMC_CAN_GetBaudrateClockFrequency
 .text.XMC_CAN_Init
                0x08001008       0xe4 ./Libraries/XMCLib/src/xmc_can.o
                0x08001008                XMC_CAN_Init
 .text.XMC_CAN_SetBaudrateClockSource
                0x080010ec       0x2c ./Libraries/XMCLib/src/xmc_can.o
                0x080010ec                XMC_CAN_SetBaudrateClockSource
 .text.XMC_CAN_GetBaudrateClockSource
                0x08001118       0x24 ./Libraries/XMCLib/src/xmc_can.o
                0x08001118                XMC_CAN_GetBaudrateClockSource
 .text.XMC_CAN_MO_Config
                0x0800113c      0x110 ./Libraries/XMCLib/src/xmc_can.o
                0x0800113c                XMC_CAN_MO_Config
 .text.XMC_CAN_MO_UpdateData
                0x0800124c       0x70 ./Libraries/XMCLib/src/xmc_can.o
                0x0800124c                XMC_CAN_MO_UpdateData
 .text.XMC_CAN_MO_Transmit
                0x080012bc       0x5c ./Libraries/XMCLib/src/xmc_can.o
                0x080012bc                XMC_CAN_MO_Transmit
 .text.XMC_CAN_MO_Receive
                0x08001318      0x1a0 ./Libraries/XMCLib/src/xmc_can.o
                0x08001318                XMC_CAN_MO_Receive
 .text.XMC_CAN_NODE_EnableEvent
                0x080014b8       0x38 ./Libraries/XMCLib/src/xmc_can.o
                0x080014b8                XMC_CAN_NODE_EnableEvent
 .text.XMC_GPIO_SetHardwareControl
                0x080014f0       0x44 ./Libraries/XMCLib/src/xmc_gpio.o
                0x080014f0                XMC_GPIO_SetHardwareControl
 .text._init    0x08001534        0xc ./Libraries/Newlib/syscalls.o
                0x08001534                _init
 .text.NVIC_GetPriorityGrouping
                0x08001540       0x1c ./Dave/Generated/INTERRUPT/interrupt.o
 .text.NVIC_EnableIRQ
                0x0800155c       0x30 ./Dave/Generated/INTERRUPT/interrupt.o
 .text.NVIC_SetPriority
                0x0800158c       0x54 ./Dave/Generated/INTERRUPT/interrupt.o
 .text.NVIC_EncodePriority
                0x080015e0       0x64 ./Dave/Generated/INTERRUPT/interrupt.o
 .text.INTERRUPT_Enable
                0x08001644       0x1c ./Dave/Generated/INTERRUPT/interrupt.o
 .text.INTERRUPT_Init
                0x08001660       0x4c ./Dave/Generated/INTERRUPT/interrupt.o
                0x08001660                INTERRUPT_Init
 .text.GLOBAL_CAN_Init
                0x080016ac       0x44 ./Dave/Generated/GLOBAL_CAN/global_can.o
                0x080016ac                GLOBAL_CAN_Init
 .text.DIGITAL_IO_Init
                0x080016f0       0x40 ./Dave/Generated/DIGITAL_IO/digital_io.o
                0x080016f0                DIGITAL_IO_Init
 .text.NVIC_SetPriorityGrouping
                0x08001730       0x48 ./Dave/Generated/CPU_CTRL_XMC4/cpu_ctrl_xmc4_conf.o
 .text.SystemCoreSetup
                0x08001778       0xa0 ./Dave/Generated/CPU_CTRL_XMC4/cpu_ctrl_xmc4_conf.o
                0x08001778                SystemCoreSetup
 .text.CLOCK_XMC4_Init
                0x08001818       0x20 ./Dave/Generated/CLOCK_XMC4/clock_xmc4.o
                0x08001818                CLOCK_XMC4_Init
 .text.OSCHP_GetFrequency
                0x08001838       0x14 ./Dave/Generated/CLOCK_XMC4/clock_xmc4.o
                0x08001838                OSCHP_GetFrequency
 .text.SystemCoreClockSetup
                0x0800184c       0x54 ./Dave/Generated/CLOCK_XMC4/clock_xmc4_conf.o
                0x0800184c                SystemCoreClockSetup
 .text.XMC_CAN_NODE_SetEventNodePointer
                0x080018a0       0x38 ./Dave/Generated/CAN_NODE/can_node.o
 .text.XMC_CAN_NODE_SetReceiveInput
                0x080018d8       0x2c ./Dave/Generated/CAN_NODE/can_node.o
 .text.XMC_CAN_NODE_EnableLoopBack
                0x08001904       0x20 ./Dave/Generated/CAN_NODE/can_node.o
 .text.XMC_CAN_NODE_GetStatus
                0x08001924       0x18 ./Dave/Generated/CAN_NODE/can_node.o
 .text.XMC_CAN_NODE_EnableConfigurationChange
                0x0800193c       0x20 ./Dave/Generated/CAN_NODE/can_node.o
 .text.XMC_CAN_NODE_DisableConfigurationChange
                0x0800195c       0x20 ./Dave/Generated/CAN_NODE/can_node.o
 .text.XMC_CAN_NODE_SetInitBit
                0x0800197c       0x20 ./Dave/Generated/CAN_NODE/can_node.o
 .text.XMC_CAN_NODE_ResetInitBit
                0x0800199c       0x20 ./Dave/Generated/CAN_NODE/can_node.o
 .text.XMC_CAN_MO_SetEventNodePointer
                0x080019bc       0x3c ./Dave/Generated/CAN_NODE/can_node.o
 .text.XMC_CAN_MO_GetStatus
                0x080019f8       0x1c ./Dave/Generated/CAN_NODE/can_node.o
 .text.XMC_CAN_MO_EnableEvent
                0x08001a14       0x24 ./Dave/Generated/CAN_NODE/can_node.o
 .text.CAN_NODE_MO_EnableTxEvent
                0x08001a38       0x1c ./Dave/Generated/CAN_NODE/can_node.o
 .text.CAN_NODE_MO_EnableRxEvent
                0x08001a54       0x1c ./Dave/Generated/CAN_NODE/can_node.o
 .text.CAN_NODE_SetNodeEvents
                0x08001a70       0x74 ./Dave/Generated/CAN_NODE/can_node.o
 .text.CAN_NODE_SetNodePointer
                0x08001ae4       0x68 ./Dave/Generated/CAN_NODE/can_node.o
 .text.CAN_NODE_MO_Init
                0x08001b4c       0x58 ./Dave/Generated/CAN_NODE/can_node.o
                0x08001b4c                CAN_NODE_MO_Init
 .text.CAN_NODE_MO_Transmit
                0x08001ba4       0x24 ./Dave/Generated/CAN_NODE/can_node.o
                0x08001ba4                CAN_NODE_MO_Transmit
 .text.CAN_NODE_MO_Receive
                0x08001bc8       0x24 ./Dave/Generated/CAN_NODE/can_node.o
                0x08001bc8                CAN_NODE_MO_Receive
 .text.CAN_NODE_MO_GetStatus
                0x08001bec       0x20 ./Dave/Generated/CAN_NODE/can_node.o
                0x08001bec                CAN_NODE_MO_GetStatus
 .text.CAN_NODE_GetStatus
                0x08001c0c       0x20 ./Dave/Generated/CAN_NODE/can_node.o
                0x08001c0c                CAN_NODE_GetStatus
 .text.CAN_NODE_Init
                0x08001c2c      0x130 ./Dave/Generated/CAN_NODE/can_node.o
                0x08001c2c                CAN_NODE_Init
 .text.DAVE_Init
                0x08001d5c       0x74 ./Dave/Generated/DAVE.o
                0x08001d5c                DAVE_Init
 .text.XMC_GPIO_SetOutputHigh
                0x08001dd0       0x20 ./main.o
 .text.XMC_GPIO_SetOutputLow
                0x08001df0       0x24 ./main.o
 .text.XMC_GPIO_GetInput
                0x08001e14       0x28 ./main.o
 .text.DIGITAL_IO_SetOutputHigh
                0x08001e3c       0x20 ./main.o
 .text.DIGITAL_IO_SetOutputLow
                0x08001e5c       0x20 ./main.o
 .text.DIGITAL_IO_GetInput
                0x08001e7c       0x24 ./main.o
 .text.main     0x08001ea0       0x98 ./main.o
                0x08001ea0                main
 .text.CAN0_1_IRQHandler
                0x08001f38       0x60 ./main.o
                0x08001f38                CAN0_1_IRQHandler
 .text.__libc_init_array
                0x08001f98       0x4c e:/davev4/dave-4.1.4/eclipse/arm-gcc-49/bin/../lib/gcc/arm-none-eabi/4.9.3/../../../../arm-none-eabi/lib/armv7e-m/softfp\libg_nano.a(lib_a-init.o)
                0x08001f98                __libc_init_array
 .text.memcpy   0x08001fe4       0x16 e:/davev4/dave-4.1.4/eclipse/arm-gcc-49/bin/../lib/gcc/arm-none-eabi/4.9.3/../../../../arm-none-eabi/lib/armv7e-m/softfp\libg_nano.a(lib_a-memcpy.o)
                0x08001fe4                memcpy
 *(.init)
 *(.fini)
 *crtbegin.o(.ctors)
 *crtbegin?.o(.ctors)
 *(EXCLUDE_FILE(*crtend.o *crtend?.o) .ctors)
 *(SORT(.ctors.*))
 *(.ctors)
 *crtbegin.o(.dtors)
 *crtbegin?.o(.dtors)
 *(EXCLUDE_FILE(*crtend.o *crtend?.o) .dtors)
 *(SORT(.dtors.*))
 *(.dtors)
 *(.rodata .rodata.*)
 *fill*         0x08001ffa        0x2 
 .rodata.CanRxInterrupt
                0x08001ffc        0x4 ./Dave/Generated/INTERRUPT/interrupt_conf.o
                0x08001ffc                CanRxInterrupt
 .rodata.LED1   0x08002000       0x14 ./Dave/Generated/DIGITAL_IO/digital_io_conf.o
                0x08002000                LED1
 .rodata.Button1
                0x08002014       0x14 ./Dave/Generated/DIGITAL_IO/digital_io_conf.o
                0x08002014                Button1
 .rodata        0x08002028       0x14 ./Dave/Generated/CLOCK_XMC4/clock_xmc4_conf.o
 .rodata.CAN_NODE_0_gpio_out
                0x0800203c        0x8 ./Dave/Generated/CAN_NODE/can_node_conf.o
                0x0800203c                CAN_NODE_0_gpio_out
 .rodata.CAN_NODE_0_gpio_out_config
                0x08002044        0xc ./Dave/Generated/CAN_NODE/can_node_conf.o
                0x08002044                CAN_NODE_0_gpio_out_config
 .rodata.CAN_NODE_0_gpio_in
                0x08002050        0x8 ./Dave/Generated/CAN_NODE/can_node_conf.o
                0x08002050                CAN_NODE_0_gpio_in
 .rodata.CAN_NODE_0_gpio_in_config
                0x08002058        0xc ./Dave/Generated/CAN_NODE/can_node_conf.o
                0x08002058                CAN_NODE_0_gpio_in_config
 .rodata.CAN_NODE_0_sr
                0x08002064        0x4 ./Dave/Generated/CAN_NODE/can_node_conf.o
                0x08002064                CAN_NODE_0_sr
 .rodata.CAN_NODE_0_LMO_01_Config
                0x08002068        0xc ./Dave/Generated/CAN_NODE/can_node_conf.o
                0x08002068                CAN_NODE_0_LMO_01_Config
 .rodata.CAN_NODE_0_LMO_02_Config
                0x08002074        0xc ./Dave/Generated/CAN_NODE/can_node_conf.o
                0x08002074                CAN_NODE_0_LMO_02_Config
 .rodata.CAN_NODE_0_LMO_03_Config
                0x08002080        0xc ./Dave/Generated/CAN_NODE/can_node_conf.o
                0x08002080                CAN_NODE_0_LMO_03_Config
 .rodata.CAN_NODE_0_LMO_04_Config
                0x0800208c        0xc ./Dave/Generated/CAN_NODE/can_node_conf.o
                0x0800208c                CAN_NODE_0_LMO_04_Config
 .rodata.CAN_NODE_0_LMO_05_Config
                0x08002098        0xc ./Dave/Generated/CAN_NODE/can_node_conf.o
                0x08002098                CAN_NODE_0_LMO_05_Config
 .rodata.CAN_NODE_0_LMO_06_Config
                0x080020a4        0xc ./Dave/Generated/CAN_NODE/can_node_conf.o
                0x080020a4                CAN_NODE_0_LMO_06_Config
 .rodata.CAN_NODE_0_LMO_07_Config
                0x080020b0        0xc ./Dave/Generated/CAN_NODE/can_node_conf.o
                0x080020b0                CAN_NODE_0_LMO_07_Config
 .rodata.CAN_NODE_0_LMO_08_Config
                0x080020bc        0xc ./Dave/Generated/CAN_NODE/can_node_conf.o
                0x080020bc                CAN_NODE_0_LMO_08_Config
 .rodata.CAN_NODE_0_LMO_09_Config
                0x080020c8        0xc ./Dave/Generated/CAN_NODE/can_node_conf.o
                0x080020c8                CAN_NODE_0_LMO_09_Config
 .rodata.CAN_NODE_0_LMO_10_Config
                0x080020d4        0xc ./Dave/Generated/CAN_NODE/can_node_conf.o
                0x080020d4                CAN_NODE_0_LMO_10_Config
 .rodata.CAN_NODE_0_LMO_11_Config
                0x080020e0        0xc ./Dave/Generated/CAN_NODE/can_node_conf.o
                0x080020e0                CAN_NODE_0_LMO_11_Config
 .rodata.CAN_NODE_0_LMO_12_Config
                0x080020ec        0xc ./Dave/Generated/CAN_NODE/can_node_conf.o
                0x080020ec                CAN_NODE_0_LMO_12_Config
 .rodata.CAN_NODE_0_LMO_13_Config
                0x080020f8        0xc ./Dave/Generated/CAN_NODE/can_node_conf.o
                0x080020f8                CAN_NODE_0_LMO_13_Config
 .rodata.CAN_NODE_0_LMO_14_Config
                0x08002104        0xc ./Dave/Generated/CAN_NODE/can_node_conf.o
                0x08002104                CAN_NODE_0_LMO_14_Config
 .rodata.CAN_NODE_0_LMO_15_Config
                0x08002110        0xc ./Dave/Generated/CAN_NODE/can_node_conf.o
                0x08002110                CAN_NODE_0_LMO_15_Config
 .rodata.CAN_NODE_0_LMO_16_Config
                0x0800211c        0xc ./Dave/Generated/CAN_NODE/can_node_conf.o
                0x0800211c                CAN_NODE_0_LMO_16_Config
 .rodata.CAN_NODE_0_LMO_17_Config
                0x08002128        0xc ./Dave/Generated/CAN_NODE/can_node_conf.o
                0x08002128                CAN_NODE_0_LMO_17_Config
 .rodata.CAN_NODE_0_LMO_18_Config
                0x08002134        0xc ./Dave/Generated/CAN_NODE/can_node_conf.o
                0x08002134                CAN_NODE_0_LMO_18_Config
 .rodata.CAN_NODE_0_LMO_19_Config
                0x08002140        0xc ./Dave/Generated/CAN_NODE/can_node_conf.o
                0x08002140                CAN_NODE_0_LMO_19_Config
 .rodata.CAN_NODE_0_LMO_20_Config
                0x0800214c        0xc ./Dave/Generated/CAN_NODE/can_node_conf.o
                0x0800214c                CAN_NODE_0_LMO_20_Config
 .rodata.CAN_NODE_0_LMO_21_Config
                0x08002158        0xc ./Dave/Generated/CAN_NODE/can_node_conf.o
                0x08002158                CAN_NODE_0_LMO_21_Config
 .rodata.CAN_NODE_0_LMO_22_Config
                0x08002164        0xc ./Dave/Generated/CAN_NODE/can_node_conf.o
                0x08002164                CAN_NODE_0_LMO_22_Config
 .rodata.CAN_NODE_0_LMO_23_Config
                0x08002170        0xc ./Dave/Generated/CAN_NODE/can_node_conf.o
                0x08002170                CAN_NODE_0_LMO_23_Config
 .rodata.CAN_NODE_0_LMO_24_Config
                0x0800217c        0xc ./Dave/Generated/CAN_NODE/can_node_conf.o
                0x0800217c                CAN_NODE_0_LMO_24_Config
 .rodata.CAN_NODE_0_LMO_25_Config
                0x08002188        0xc ./Dave/Generated/CAN_NODE/can_node_conf.o
                0x08002188                CAN_NODE_0_LMO_25_Config
 .rodata.CAN_NODE_0_LMO_26_Config
                0x08002194        0xc ./Dave/Generated/CAN_NODE/can_node_conf.o
                0x08002194                CAN_NODE_0_LMO_26_Config
 .rodata.CAN_NODE_0_LMO_27_Config
                0x080021a0        0xc ./Dave/Generated/CAN_NODE/can_node_conf.o
                0x080021a0                CAN_NODE_0_LMO_27_Config
 .rodata.CAN_NODE_0_LMO_28_Config
                0x080021ac        0xc ./Dave/Generated/CAN_NODE/can_node_conf.o
                0x080021ac                CAN_NODE_0_LMO_28_Config
 .rodata.CAN_NODE_0_LMO_29_Config
                0x080021b8        0xc ./Dave/Generated/CAN_NODE/can_node_conf.o
                0x080021b8                CAN_NODE_0_LMO_29_Config
 .rodata.CAN_NODE_0_LMO_30_Config
                0x080021c4        0xc ./Dave/Generated/CAN_NODE/can_node_conf.o
                0x080021c4                CAN_NODE_0_LMO_30_Config
 .rodata.CAN_NODE_0_LMO_31_Config
                0x080021d0        0xc ./Dave/Generated/CAN_NODE/can_node_conf.o
                0x080021d0                CAN_NODE_0_LMO_31_Config
 .rodata.CAN_NODE_0
                0x080021dc       0xa8 ./Dave/Generated/CAN_NODE/can_node_conf.o
                0x080021dc                CAN_NODE_0
 .rodata        0x08002284       0x7c ./main.o
 *(.gnu.linkonce.r*)
                0x08002300                . = ALIGN (0x4)

.glue_7         0x08002300        0x0 load address 0x0c002300
 .glue_7        0x00000000        0x0 linker stubs

.glue_7t        0x08002300        0x0 load address 0x0c002300
 .glue_7t       0x00000000        0x0 linker stubs

.vfp11_veneer   0x08002300        0x0 load address 0x0c002300
 .vfp11_veneer  0x00000000        0x0 linker stubs

.v4_bx          0x08002300        0x0 load address 0x0c002300
 .v4_bx         0x00000000        0x0 linker stubs

.iplt           0x08002300        0x0 load address 0x0c002300
 .iplt          0x00000000        0x0 ./Startup/startup_XMC4700.o

.rel.dyn        0x08002300        0x0 load address 0x0c002300
 .rel.iplt      0x00000000        0x0 ./Startup/startup_XMC4700.o

.ARM.extab
 *(.ARM.extab* .gnu.linkonce.armextab.*)
                0x08002300                __exidx_start = .

.ARM.exidx
 *(.ARM.exidx* .gnu.linkonce.armexidx.*)
                0x08002300                __exidx_end = .

Stack           0x1ffe8000      0x800
                0x1ffe8000                __stack_start = .
                0x1ffe8800                . = (. + stack_size)
 *fill*         0x1ffe8000      0x800 
                0x1ffe8800                __stack_end = .
                0x1ffe8800                __initial_sp = .

.ram_code       0x1ffe8800        0x0 load address 0x0c002300
                0x1ffe8800                . = ALIGN (0x4)
                0x1ffe8800                __ram_code_start = .
 *(.ram_code)
                0x1ffe8800                __ram_code_end = .
                0x0c002300                __ram_code_load = LOADADDR (.ram_code)
                0x00000000                __ram_code_size = (__ram_code_end - __ram_code_start)

.data           0x1ffe8800      0x3fc load address 0x0c002300
                0x1ffe8800                . = ALIGN (0x4)
                0x1ffe8800                __data_start = .
 *(.data)
 *(.data*)
 .data.GLOBAL_CAN_0
                0x1ffe8800        0xc ./Dave/Generated/GLOBAL_CAN/global_can_conf.o
                0x1ffe8800                GLOBAL_CAN_0
 .data.CAN_NODE_0_BitTimeConfig
                0x1ffe880c        0xc ./Dave/Generated/CAN_NODE/can_node_conf.o
                0x1ffe880c                CAN_NODE_0_BitTimeConfig
 .data.CAN_NODE_0_LMO_01
                0x1ffe8818       0x20 ./Dave/Generated/CAN_NODE/can_node_conf.o
                0x1ffe8818                CAN_NODE_0_LMO_01
 .data.CAN_NODE_0_LMO_02
                0x1ffe8838       0x20 ./Dave/Generated/CAN_NODE/can_node_conf.o
                0x1ffe8838                CAN_NODE_0_LMO_02
 .data.CAN_NODE_0_LMO_03
                0x1ffe8858       0x20 ./Dave/Generated/CAN_NODE/can_node_conf.o
                0x1ffe8858                CAN_NODE_0_LMO_03
 .data.CAN_NODE_0_LMO_04
                0x1ffe8878       0x20 ./Dave/Generated/CAN_NODE/can_node_conf.o
                0x1ffe8878                CAN_NODE_0_LMO_04
 .data.CAN_NODE_0_LMO_05
                0x1ffe8898       0x20 ./Dave/Generated/CAN_NODE/can_node_conf.o
                0x1ffe8898                CAN_NODE_0_LMO_05
 .data.CAN_NODE_0_LMO_06
                0x1ffe88b8       0x20 ./Dave/Generated/CAN_NODE/can_node_conf.o
                0x1ffe88b8                CAN_NODE_0_LMO_06
 .data.CAN_NODE_0_LMO_07
                0x1ffe88d8       0x20 ./Dave/Generated/CAN_NODE/can_node_conf.o
                0x1ffe88d8                CAN_NODE_0_LMO_07
 .data.CAN_NODE_0_LMO_08
                0x1ffe88f8       0x20 ./Dave/Generated/CAN_NODE/can_node_conf.o
                0x1ffe88f8                CAN_NODE_0_LMO_08
 .data.CAN_NODE_0_LMO_09
                0x1ffe8918       0x20 ./Dave/Generated/CAN_NODE/can_node_conf.o
                0x1ffe8918                CAN_NODE_0_LMO_09
 .data.CAN_NODE_0_LMO_10
                0x1ffe8938       0x20 ./Dave/Generated/CAN_NODE/can_node_conf.o
                0x1ffe8938                CAN_NODE_0_LMO_10
 .data.CAN_NODE_0_LMO_11
                0x1ffe8958       0x20 ./Dave/Generated/CAN_NODE/can_node_conf.o
                0x1ffe8958                CAN_NODE_0_LMO_11
 .data.CAN_NODE_0_LMO_12
                0x1ffe8978       0x20 ./Dave/Generated/CAN_NODE/can_node_conf.o
                0x1ffe8978                CAN_NODE_0_LMO_12
 .data.CAN_NODE_0_LMO_13
                0x1ffe8998       0x20 ./Dave/Generated/CAN_NODE/can_node_conf.o
                0x1ffe8998                CAN_NODE_0_LMO_13
 .data.CAN_NODE_0_LMO_14
                0x1ffe89b8       0x20 ./Dave/Generated/CAN_NODE/can_node_conf.o
                0x1ffe89b8                CAN_NODE_0_LMO_14
 .data.CAN_NODE_0_LMO_15
                0x1ffe89d8       0x20 ./Dave/Generated/CAN_NODE/can_node_conf.o
                0x1ffe89d8                CAN_NODE_0_LMO_15
 .data.CAN_NODE_0_LMO_16
                0x1ffe89f8       0x20 ./Dave/Generated/CAN_NODE/can_node_conf.o
                0x1ffe89f8                CAN_NODE_0_LMO_16
 .data.CAN_NODE_0_LMO_17
                0x1ffe8a18       0x20 ./Dave/Generated/CAN_NODE/can_node_conf.o
                0x1ffe8a18                CAN_NODE_0_LMO_17
 .data.CAN_NODE_0_LMO_18
                0x1ffe8a38       0x20 ./Dave/Generated/CAN_NODE/can_node_conf.o
                0x1ffe8a38                CAN_NODE_0_LMO_18
 .data.CAN_NODE_0_LMO_19
                0x1ffe8a58       0x20 ./Dave/Generated/CAN_NODE/can_node_conf.o
                0x1ffe8a58                CAN_NODE_0_LMO_19
 .data.CAN_NODE_0_LMO_20
                0x1ffe8a78       0x20 ./Dave/Generated/CAN_NODE/can_node_conf.o
                0x1ffe8a78                CAN_NODE_0_LMO_20
 .data.CAN_NODE_0_LMO_21
                0x1ffe8a98       0x20 ./Dave/Generated/CAN_NODE/can_node_conf.o
                0x1ffe8a98                CAN_NODE_0_LMO_21
 .data.CAN_NODE_0_LMO_22
                0x1ffe8ab8       0x20 ./Dave/Generated/CAN_NODE/can_node_conf.o
                0x1ffe8ab8                CAN_NODE_0_LMO_22
 .data.CAN_NODE_0_LMO_23
                0x1ffe8ad8       0x20 ./Dave/Generated/CAN_NODE/can_node_conf.o
                0x1ffe8ad8                CAN_NODE_0_LMO_23
 .data.CAN_NODE_0_LMO_24
                0x1ffe8af8       0x20 ./Dave/Generated/CAN_NODE/can_node_conf.o
                0x1ffe8af8                CAN_NODE_0_LMO_24
 .data.CAN_NODE_0_LMO_25
                0x1ffe8b18       0x20 ./Dave/Generated/CAN_NODE/can_node_conf.o
                0x1ffe8b18                CAN_NODE_0_LMO_25
 .data.CAN_NODE_0_LMO_26
                0x1ffe8b38       0x20 ./Dave/Generated/CAN_NODE/can_node_conf.o
                0x1ffe8b38                CAN_NODE_0_LMO_26
 .data.CAN_NODE_0_LMO_27
                0x1ffe8b58       0x20 ./Dave/Generated/CAN_NODE/can_node_conf.o
                0x1ffe8b58                CAN_NODE_0_LMO_27
 .data.CAN_NODE_0_LMO_28
                0x1ffe8b78       0x20 ./Dave/Generated/CAN_NODE/can_node_conf.o
                0x1ffe8b78                CAN_NODE_0_LMO_28
 .data.CAN_NODE_0_LMO_29
                0x1ffe8b98       0x20 ./Dave/Generated/CAN_NODE/can_node_conf.o
                0x1ffe8b98                CAN_NODE_0_LMO_29
 .data.CAN_NODE_0_LMO_30
                0x1ffe8bb8       0x20 ./Dave/Generated/CAN_NODE/can_node_conf.o
                0x1ffe8bb8                CAN_NODE_0_LMO_30
 .data.CAN_NODE_0_LMO_31
                0x1ffe8bd8       0x20 ./Dave/Generated/CAN_NODE/can_node_conf.o
                0x1ffe8bd8                CAN_NODE_0_LMO_31
 .data.oldCommand.8557
                0x1ffe8bf8        0x4 ./main.o
 *(*.data)
 *(.gnu.linkonce.d*)
                0x1ffe8bfc                . = ALIGN (0x4)
                0x1ffe8bfc                PROVIDE (__preinit_array_start, .)
 *(.preinit_array)
                0x1ffe8bfc                PROVIDE (__preinit_array_end, .)
                0x1ffe8bfc                . = ALIGN (0x4)
                0x1ffe8bfc                PROVIDE (__init_array_start, .)
 *(SORT(.init_array.*))
 *(.init_array)
                0x1ffe8bfc                PROVIDE (__init_array_end, .)
                0x1ffe8bfc                . = ALIGN (0x4)
                0x1ffe8bfc                PROVIDE (__fini_array_start, .)
 *(SORT(.fini_array.*))
 *(.fini_array)
                0x1ffe8bfc                PROVIDE (__fini_array_end, .)
                0x1ffe8bfc                __data_end = .
                0x0c002300                __data_load = LOADADDR (.data)
                0x000003fc                __data_size = (__data_end - __data_start)

.igot.plt       0x1ffe8bfc        0x0 load address 0x0c0026fc
 .igot.plt      0x00000000        0x0 ./Startup/startup_XMC4700.o

.bss            0x1ffe8bfc        0x5 load address 0x0c0026fc
                0x1ffe8bfc                . = ALIGN (0x4)
                0x1ffe8bfc                __bss_start = .
 *(.bss)
 *(.bss*)
 .bss.CLOCK_XMC4_0
                0x1ffe8bfc        0x4 ./Dave/Generated/CLOCK_XMC4/clock_xmc4_conf.o
                0x1ffe8bfc                CLOCK_XMC4_0
 .bss.sendCanFrames
                0x1ffe8c00        0x1 ./main.o
                0x1ffe8c00                sendCanFrames
 *(COMMON)
 *(.gnu.linkonce.b*)
                0x1ffe8c01                __bss_end = .
                0x00000005                __bss_size = (__bss_end - __bss_start)
                0x000173ff                __shift_loc = (__bss_end >= ORIGIN (DSRAM_1_system))?0x0:(ORIGIN (DSRAM_1_system) - __bss_end)

USB_RAM         0x20000000        0x0
                0x20000000                . = ALIGN (0x4)
                0x20000000                USB_RAM_start = .
 *(USB_RAM)
                0x20000000                USB_RAM_end = .
                0x00000000                USB_RAM_size = (USB_RAM_end - USB_RAM_start)

ETH_RAM         0x20000000        0x0
                0x20000000                . = ALIGN (0x4)
                0x20000000                ETH_RAM_start = .
 *(ETH_RAM)
                0x20000000                ETH_RAM_end = .
                0x20000000                . = ALIGN (0x8)
                0x20000000                Heap_Bank1_Start = .
                0x00000000                ETH_RAM_size = (ETH_RAM_end - ETH_RAM_start)

.no_init        0x2003ffc0       0x14
                0x2003ffc0                Heap_Bank1_End = .
 *(.no_init)
 .no_init       0x2003ffc0       0x14 ./Startup/system_XMC4700.o
                0x2003ffc0                SystemCoreClock
                0x2003ffc4                g_chipid
                0x0003ffc0                Heap_Bank1_Size = (Heap_Bank1_End - Heap_Bank1_Start)

/DISCARD/
 *(.comment)

.stab
 *(.stab)

.stabstr
 *(.stabstr)

.debug
 *(.debug)

.line
 *(.line)

.debug_srcinfo
 *(.debug_srcinfo)

.debug_sfnames
 *(.debug_sfnames)

.debug_aranges  0x00000000      0x818
 *(.debug_aranges)
 .debug_aranges
                0x00000000       0x20 ./Startup/startup_XMC4700.o
 .debug_aranges
                0x00000020       0x48 ./Startup/system_XMC4700.o
 .debug_aranges
                0x00000068       0x28 ./Libraries/XMCLib/src/xmc4_gpio.o
 .debug_aranges
                0x00000090      0x330 ./Libraries/XMCLib/src/xmc4_scu.o
 .debug_aranges
                0x000003c0      0x100 ./Libraries/XMCLib/src/xmc_can.o
 .debug_aranges
                0x000004c0       0x28 ./Libraries/XMCLib/src/xmc_gpio.o
 .debug_aranges
                0x000004e8       0x28 ./Libraries/Newlib/syscalls.o
 .debug_aranges
                0x00000510       0x50 ./Dave/Generated/INTERRUPT/interrupt.o
 .debug_aranges
                0x00000560       0x18 ./Dave/Generated/INTERRUPT/interrupt_conf.o
 .debug_aranges
                0x00000578       0x28 ./Dave/Generated/GLOBAL_CAN/global_can.o
 .debug_aranges
                0x000005a0       0x18 ./Dave/Generated/GLOBAL_CAN/global_can_conf.o
 .debug_aranges
                0x000005b8       0x28 ./Dave/Generated/DIGITAL_IO/digital_io.o
 .debug_aranges
                0x000005e0       0x18 ./Dave/Generated/DIGITAL_IO/digital_io_conf.o
 .debug_aranges
                0x000005f8       0x28 ./Dave/Generated/CPU_CTRL_XMC4/cpu_ctrl_xmc4_conf.o
 .debug_aranges
                0x00000620       0x38 ./Dave/Generated/CLOCK_XMC4/clock_xmc4.o
 .debug_aranges
                0x00000658       0x20 ./Dave/Generated/CLOCK_XMC4/clock_xmc4_conf.o
 .debug_aranges
                0x00000678      0x110 ./Dave/Generated/CAN_NODE/can_node.o
 .debug_aranges
                0x00000788       0x18 ./Dave/Generated/CAN_NODE/can_node_conf.o
 .debug_aranges
                0x000007a0       0x20 ./Dave/Generated/DAVE.o
 .debug_aranges
                0x000007c0       0x58 ./main.o

.debug_pubnames
 *(.debug_pubnames)

.debug_pubtypes
 *(.debug_pubtypes)

.debug_info     0x00000000     0xb0b2
 *(.debug_info .gnu.linkonce.wi.*)
 .debug_info    0x00000000       0x75 ./Startup/startup_XMC4700.o
 .debug_info    0x00000075      0x93d ./Startup/system_XMC4700.o
 .debug_info    0x000009b2      0x422 ./Libraries/XMCLib/src/xmc4_gpio.o
 .debug_info    0x00000dd4     0x1f8a ./Libraries/XMCLib/src/xmc4_scu.o
 .debug_info    0x00002d5e     0x1294 ./Libraries/XMCLib/src/xmc_can.o
 .debug_info    0x00003ff2      0x39d ./Libraries/XMCLib/src/xmc_gpio.o
 .debug_info    0x0000438f      0x10b ./Libraries/Newlib/syscalls.o
 .debug_info    0x0000449a      0x910 ./Dave/Generated/INTERRUPT/interrupt.o
 .debug_info    0x00004daa      0x405 ./Dave/Generated/INTERRUPT/interrupt_conf.o
 .debug_info    0x000051af      0x3a5 ./Dave/Generated/GLOBAL_CAN/global_can.o
 .debug_info    0x00005554      0x2cb ./Dave/Generated/GLOBAL_CAN/global_can_conf.o
 .debug_info    0x0000581f      0x4dc ./Dave/Generated/DIGITAL_IO/digital_io.o
 .debug_info    0x00005cfb      0x44d ./Dave/Generated/DIGITAL_IO/digital_io_conf.o
 .debug_info    0x00006148      0x475 ./Dave/Generated/CPU_CTRL_XMC4/cpu_ctrl_xmc4_conf.o
 .debug_info    0x000065bd      0x224 ./Dave/Generated/CLOCK_XMC4/clock_xmc4.o
 .debug_info    0x000067e1      0x385 ./Dave/Generated/CLOCK_XMC4/clock_xmc4_conf.o
 .debug_info    0x00006b66     0x1436 ./Dave/Generated/CAN_NODE/can_node.o
 .debug_info    0x00007f9c     0x10cb ./Dave/Generated/CAN_NODE/can_node_conf.o
 .debug_info    0x00009067      0xfc5 ./Dave/Generated/DAVE.o
 .debug_info    0x0000a02c     0x1086 ./main.o

.debug_abbrev   0x00000000     0x1c6c
 *(.debug_abbrev)
 .debug_abbrev  0x00000000       0x14 ./Startup/startup_XMC4700.o
 .debug_abbrev  0x00000014      0x1a1 ./Startup/system_XMC4700.o
 .debug_abbrev  0x000001b5      0x11b ./Libraries/XMCLib/src/xmc4_gpio.o
 .debug_abbrev  0x000002d0      0x2b4 ./Libraries/XMCLib/src/xmc4_scu.o
 .debug_abbrev  0x00000584      0x273 ./Libraries/XMCLib/src/xmc_can.o
 .debug_abbrev  0x000007f7      0x10c ./Libraries/XMCLib/src/xmc_gpio.o
 .debug_abbrev  0x00000903       0xa5 ./Libraries/Newlib/syscalls.o
 .debug_abbrev  0x000009a8      0x1da ./Dave/Generated/INTERRUPT/interrupt.o
 .debug_abbrev  0x00000b82       0x97 ./Dave/Generated/INTERRUPT/interrupt_conf.o
 .debug_abbrev  0x00000c19      0x157 ./Dave/Generated/GLOBAL_CAN/global_can.o
 .debug_abbrev  0x00000d70       0xfd ./Dave/Generated/GLOBAL_CAN/global_can_conf.o
 .debug_abbrev  0x00000e6d      0x148 ./Dave/Generated/DIGITAL_IO/digital_io.o
 .debug_abbrev  0x00000fb5       0xfd ./Dave/Generated/DIGITAL_IO/digital_io_conf.o
 .debug_abbrev  0x000010b2      0x184 ./Dave/Generated/CPU_CTRL_XMC4/cpu_ctrl_xmc4_conf.o
 .debug_abbrev  0x00001236      0x10f ./Dave/Generated/CLOCK_XMC4/clock_xmc4.o
 .debug_abbrev  0x00001345      0x104 ./Dave/Generated/CLOCK_XMC4/clock_xmc4_conf.o
 .debug_abbrev  0x00001449      0x2a0 ./Dave/Generated/CAN_NODE/can_node.o
 .debug_abbrev  0x000016e9      0x187 ./Dave/Generated/CAN_NODE/can_node_conf.o
 .debug_abbrev  0x00001870      0x1a3 ./Dave/Generated/DAVE.o
 .debug_abbrev  0x00001a13      0x259 ./main.o

.debug_line     0x00000000     0x3bc3
 *(.debug_line)
 .debug_line    0x00000000       0x87 ./Startup/startup_XMC4700.o
 .debug_line    0x00000087      0x2ac ./Startup/system_XMC4700.o
 .debug_line    0x00000333      0x1cd ./Libraries/XMCLib/src/xmc4_gpio.o
 .debug_line    0x00000500      0xb6e ./Libraries/XMCLib/src/xmc4_scu.o
 .debug_line    0x0000106e      0x5d2 ./Libraries/XMCLib/src/xmc_can.o
 .debug_line    0x00001640      0x1bb ./Libraries/XMCLib/src/xmc_gpio.o
 .debug_line    0x000017fb       0xb6 ./Libraries/Newlib/syscalls.o
 .debug_line    0x000018b1      0x2b5 ./Dave/Generated/INTERRUPT/interrupt.o
 .debug_line    0x00001b66      0x1b7 ./Dave/Generated/INTERRUPT/interrupt_conf.o
 .debug_line    0x00001d1d      0x28c ./Dave/Generated/GLOBAL_CAN/global_can.o
 .debug_line    0x00001fa9      0x21a ./Dave/Generated/GLOBAL_CAN/global_can_conf.o
 .debug_line    0x000021c3      0x21e ./Dave/Generated/DIGITAL_IO/digital_io.o
 .debug_line    0x000023e1      0x1af ./Dave/Generated/DIGITAL_IO/digital_io_conf.o
 .debug_line    0x00002590      0x234 ./Dave/Generated/CPU_CTRL_XMC4/cpu_ctrl_xmc4_conf.o
 .debug_line    0x000027c4      0x254 ./Dave/Generated/CLOCK_XMC4/clock_xmc4.o
 .debug_line    0x00002a18      0x22a ./Dave/Generated/CLOCK_XMC4/clock_xmc4_conf.o
 .debug_line    0x00002c42      0x569 ./Dave/Generated/CAN_NODE/can_node.o
 .debug_line    0x000031ab      0x281 ./Dave/Generated/CAN_NODE/can_node_conf.o
 .debug_line    0x0000342c      0x376 ./Dave/Generated/DAVE.o
 .debug_line    0x000037a2      0x421 ./main.o

.debug_frame    0x00000000     0x1f78
 *(.debug_frame)
 .debug_frame   0x00000000       0xec ./Startup/system_XMC4700.o
 .debug_frame   0x000000ec       0x60 ./Libraries/XMCLib/src/xmc4_gpio.o
 .debug_frame   0x0000014c      0xef0 ./Libraries/XMCLib/src/xmc4_scu.o
 .debug_frame   0x0000103c      0x498 ./Libraries/XMCLib/src/xmc_can.o
 .debug_frame   0x000014d4       0x60 ./Libraries/XMCLib/src/xmc_gpio.o
 .debug_frame   0x00001534       0x5c ./Libraries/Newlib/syscalls.o
 .debug_frame   0x00001590      0x124 ./Dave/Generated/INTERRUPT/interrupt.o
 .debug_frame   0x000016b4       0x60 ./Dave/Generated/GLOBAL_CAN/global_can.o
 .debug_frame   0x00001714       0x60 ./Dave/Generated/DIGITAL_IO/digital_io.o
 .debug_frame   0x00001774       0x60 ./Dave/Generated/CPU_CTRL_XMC4/cpu_ctrl_xmc4_conf.o
 .debug_frame   0x000017d4       0xac ./Dave/Generated/CLOCK_XMC4/clock_xmc4.o
 .debug_frame   0x00001880       0x3c ./Dave/Generated/CLOCK_XMC4/clock_xmc4_conf.o
 .debug_frame   0x000018bc      0x4e8 ./Dave/Generated/CAN_NODE/can_node.o
 .debug_frame   0x00001da4       0x38 ./Dave/Generated/DAVE.o
 .debug_frame   0x00001ddc      0x148 ./main.o
 .debug_frame   0x00001f24       0x2c e:/davev4/dave-4.1.4/eclipse/arm-gcc-49/bin/../lib/gcc/arm-none-eabi/4.9.3/../../../../arm-none-eabi/lib/armv7e-m/softfp\libg_nano.a(lib_a-init.o)
 .debug_frame   0x00001f50       0x28 e:/davev4/dave-4.1.4/eclipse/arm-gcc-49/bin/../lib/gcc/arm-none-eabi/4.9.3/../../../../arm-none-eabi/lib/armv7e-m/softfp\libg_nano.a(lib_a-memcpy.o)

.debug_str      0x00000000     0x534c
 *(.debug_str)
 .debug_str     0x00000000      0x542 ./Startup/system_XMC4700.o
                                0x5ae (size before relaxing)
 .debug_str     0x00000542      0x544 ./Libraries/XMCLib/src/xmc4_gpio.o
                                0x75c (size before relaxing)
 .debug_str     0x00000a86     0x1d0a ./Libraries/XMCLib/src/xmc4_scu.o
                               0x21cd (size before relaxing)
 .debug_str     0x00002790      0xb20 ./Libraries/XMCLib/src/xmc_can.o
                               0x13fe (size before relaxing)
 .debug_str     0x000032b0       0xca ./Libraries/XMCLib/src/xmc_gpio.o
                                0x60a (size before relaxing)
 .debug_str     0x0000337a       0x5d ./Libraries/Newlib/syscalls.o
                                0x203 (size before relaxing)
 .debug_str     0x000033d7      0x7fa ./Dave/Generated/INTERRUPT/interrupt.o
                                0xa81 (size before relaxing)
 .debug_str     0x00003bd1       0x3c ./Dave/Generated/INTERRUPT/interrupt_conf.o
                                0x845 (size before relaxing)
 .debug_str     0x00003c0d       0xf4 ./Dave/Generated/GLOBAL_CAN/global_can.o
                                0x3fa (size before relaxing)
 .debug_str     0x00003d01       0x3c ./Dave/Generated/GLOBAL_CAN/global_can_conf.o
                                0x329 (size before relaxing)
 .debug_str     0x00003d3d       0xdf ./Dave/Generated/DIGITAL_IO/digital_io.o
                                0x899 (size before relaxing)
 .debug_str     0x00003e1c       0x57 ./Dave/Generated/DIGITAL_IO/digital_io_conf.o
                                0x802 (size before relaxing)
 .debug_str     0x00003e73       0x92 ./Dave/Generated/CPU_CTRL_XMC4/cpu_ctrl_xmc4_conf.o
                                0x39a (size before relaxing)
 .debug_str     0x00003f05       0xe7 ./Dave/Generated/CLOCK_XMC4/clock_xmc4.o
                                0x34d (size before relaxing)
 .debug_str     0x00003fec       0x50 ./Dave/Generated/CLOCK_XMC4/clock_xmc4_conf.o
                                0x72d (size before relaxing)
 .debug_str     0x0000403c      0x906 ./Dave/Generated/CAN_NODE/can_node.o
                               0x14fd (size before relaxing)
 .debug_str     0x00004942      0x6a1 ./Dave/Generated/CAN_NODE/can_node_conf.o
                               0x13de (size before relaxing)
 .debug_str     0x00004fe3       0x85 ./Dave/Generated/DAVE.o
                               0x1490 (size before relaxing)
 .debug_str     0x00005068      0x2e4 ./main.o
                               0x1511 (size before relaxing)

.debug_loc      0x00000000     0x4032
 *(.debug_loc)
 .debug_loc     0x00000000      0x1a4 ./Startup/system_XMC4700.o
 .debug_loc     0x000001a4       0xb8 ./Libraries/XMCLib/src/xmc4_gpio.o
 .debug_loc     0x0000025c     0x1f44 ./Libraries/XMCLib/src/xmc4_scu.o
 .debug_loc     0x000021a0      0xa1c ./Libraries/XMCLib/src/xmc_can.o
 .debug_loc     0x00002bbc       0xb8 ./Libraries/XMCLib/src/xmc_gpio.o
 .debug_loc     0x00002c74       0x94 ./Libraries/Newlib/syscalls.o
 .debug_loc     0x00002d08      0x254 ./Dave/Generated/INTERRUPT/interrupt.o
 .debug_loc     0x00002f5c       0xac ./Dave/Generated/GLOBAL_CAN/global_can.o
 .debug_loc     0x00003008       0xac ./Dave/Generated/DIGITAL_IO/digital_io.o
 .debug_loc     0x000030b4       0xac ./Dave/Generated/CPU_CTRL_XMC4/cpu_ctrl_xmc4_conf.o
 .debug_loc     0x00003160      0x14c ./Dave/Generated/CLOCK_XMC4/clock_xmc4.o
 .debug_loc     0x000032ac       0x50 ./Dave/Generated/CLOCK_XMC4/clock_xmc4_conf.o
 .debug_loc     0x000032fc      0xa58 ./Dave/Generated/CAN_NODE/can_node.o
 .debug_loc     0x00003d54       0x50 ./Dave/Generated/DAVE.o
 .debug_loc     0x00003da4      0x28e ./main.o

.debug_macinfo
 *(.debug_macinfo)

.debug_ranges   0x00000000      0x6a8
 *(.debug_ranges)
 .debug_ranges  0x00000000       0x38 ./Startup/system_XMC4700.o
 .debug_ranges  0x00000038       0x18 ./Libraries/XMCLib/src/xmc4_gpio.o
 .debug_ranges  0x00000050      0x320 ./Libraries/XMCLib/src/xmc4_scu.o
 .debug_ranges  0x00000370       0xf0 ./Libraries/XMCLib/src/xmc_can.o
 .debug_ranges  0x00000460       0x18 ./Libraries/XMCLib/src/xmc_gpio.o
 .debug_ranges  0x00000478       0x18 ./Libraries/Newlib/syscalls.o
 .debug_ranges  0x00000490       0x40 ./Dave/Generated/INTERRUPT/interrupt.o
 .debug_ranges  0x000004d0       0x18 ./Dave/Generated/GLOBAL_CAN/global_can.o
 .debug_ranges  0x000004e8       0x18 ./Dave/Generated/DIGITAL_IO/digital_io.o
 .debug_ranges  0x00000500       0x18 ./Dave/Generated/CPU_CTRL_XMC4/cpu_ctrl_xmc4_conf.o
 .debug_ranges  0x00000518       0x28 ./Dave/Generated/CLOCK_XMC4/clock_xmc4.o
 .debug_ranges  0x00000540       0x10 ./Dave/Generated/CLOCK_XMC4/clock_xmc4_conf.o
 .debug_ranges  0x00000550      0x100 ./Dave/Generated/CAN_NODE/can_node.o
 .debug_ranges  0x00000650       0x10 ./Dave/Generated/DAVE.o
 .debug_ranges  0x00000660       0x48 ./main.o

.debug_weaknames
 *(.debug_weaknames)

.debug_funcnames
 *(.debug_funcnames)

.debug_typenames
 *(.debug_typenames)

.debug_varnames
 *(.debug_varnames)

.build_attributes
                0x00000000      0x49e
 *(.ARM.attributes)
 .ARM.attributes
                0x00000000       0x25 ./Startup/startup_XMC4700.o
 .ARM.attributes
                0x00000025       0x37 ./Startup/system_XMC4700.o
 .ARM.attributes
                0x0000005c       0x37 ./Libraries/XMCLib/src/xmc4_gpio.o
 .ARM.attributes
                0x00000093       0x37 ./Libraries/XMCLib/src/xmc4_scu.o
 .ARM.attributes
                0x000000ca       0x37 ./Libraries/XMCLib/src/xmc_can.o
 .ARM.attributes
                0x00000101       0x37 ./Libraries/XMCLib/src/xmc_gpio.o
 .ARM.attributes
                0x00000138       0x37 ./Libraries/Newlib/syscalls.o
 .ARM.attributes
                0x0000016f       0x37 ./Dave/Generated/INTERRUPT/interrupt.o
 .ARM.attributes
                0x000001a6       0x37 ./Dave/Generated/INTERRUPT/interrupt_conf.o
 .ARM.attributes
                0x000001dd       0x37 ./Dave/Generated/GLOBAL_CAN/global_can.o
 .ARM.attributes
                0x00000214       0x37 ./Dave/Generated/GLOBAL_CAN/global_can_conf.o
 .ARM.attributes
                0x0000024b       0x37 ./Dave/Generated/DIGITAL_IO/digital_io.o
 .ARM.attributes
                0x00000282       0x37 ./Dave/Generated/DIGITAL_IO/digital_io_conf.o
 .ARM.attributes
                0x000002b9       0x37 ./Dave/Generated/CPU_CTRL_XMC4/cpu_ctrl_xmc4_conf.o
 .ARM.attributes
                0x000002f0       0x37 ./Dave/Generated/CLOCK_XMC4/clock_xmc4.o
 .ARM.attributes
                0x00000327       0x37 ./Dave/Generated/CLOCK_XMC4/clock_xmc4_conf.o
 .ARM.attributes
                0x0000035e       0x37 ./Dave/Generated/CAN_NODE/can_node.o
 .ARM.attributes
                0x00000395       0x37 ./Dave/Generated/CAN_NODE/can_node_conf.o
 .ARM.attributes
                0x000003cc       0x37 ./Dave/Generated/DAVE.o
 .ARM.attributes
                0x00000403       0x37 ./main.o
 .ARM.attributes
                0x0000043a       0x32 e:/davev4/dave-4.1.4/eclipse/arm-gcc-49/bin/../lib/gcc/arm-none-eabi/4.9.3/../../../../arm-none-eabi/lib/armv7e-m/softfp\libg_nano.a(lib_a-init.o)
 .ARM.attributes
                0x0000046c       0x32 e:/davev4/dave-4.1.4/eclipse/arm-gcc-49/bin/../lib/gcc/arm-none-eabi/4.9.3/../../../../arm-none-eabi/lib/armv7e-m/softfp\libg_nano.a(lib_a-memcpy.o)
OUTPUT(priotest.elf elf32-littlearm)
